[INFO] Scanning for projects...
[INFO] 
[INFO] -----------------< com.orlandoprestige:OrlandoProject >-----------------
[INFO] Building OrlandoProject 0.0.1-SNAPSHOT
[INFO]   from pom.xml
[INFO] --------------------------------[ jar ]---------------------------------
[INFO] 
[INFO] --- clean:3.5.0:clean (default-clean) @ OrlandoProject ---
[INFO] Deleting C:\Users\ADMIN\Documents\Orlando App\orlando-project\target
[INFO] 
[INFO] --- resources:3.3.1:resources (default-resources) @ OrlandoProject ---
[INFO] Copying 1 resource from src\main\resources to target\classes
[INFO] Copying 1 resource from src\main\resources to target\classes
[INFO] 
[INFO] --- compiler:3.14.1:compile (default-compile) @ OrlandoProject ---
[INFO] Recompiling the module because of changed source code.
[INFO] Compiling 163 source files with javac [debug parameters release 21] to target\classes
[INFO] Annotation processing is enabled because one or more processors were found
  on the class path. A future release of javac may disable annotation processing
  unless at least one processor is specified by name (-processor), or a search
  path is specified (--processor-path, --processor-module-path), or annotation
  processing is enabled explicitly (-proc:only, -proc:full).
  Use -Xlint:-options to suppress this message.
  Use -proc:none to disable annotation processing.
[INFO] Extracting Javadoc into C:\Users\ADMIN\Documents\Orlando App\orlando-project\.\target\generated-spring-modulith\javadoc.json.
[INFO] 
[INFO] --- resources:3.3.1:testResources (default-testResources) @ OrlandoProject ---
[INFO] skip non existing resourceDirectory C:\Users\ADMIN\Documents\Orlando App\orlando-project\src\test\resources
[INFO] 
[INFO] --- compiler:3.14.1:testCompile (default-testCompile) @ OrlandoProject ---
[INFO] Recompiling the module because of changed dependency.
[INFO] Compiling 1 source file with javac [debug parameters release 21] to target\test-classes
[INFO] Annotation processing is enabled because one or more processors were found
  on the class path. A future release of javac may disable annotation processing
  unless at least one processor is specified by name (-processor), or a search
  path is specified (--processor-path, --processor-module-path), or annotation
  processing is enabled explicitly (-proc:only, -proc:full).
  Use -Xlint:-options to suppress this message.
  Use -proc:none to disable annotation processing.
[INFO] 
[INFO] --- surefire:3.5.4:test (default-test) @ OrlandoProject ---
[INFO] Using auto detected provider org.apache.maven.surefire.junitplatform.JUnitPlatformProvider
[INFO] 
[INFO] -------------------------------------------------------
[INFO]  T E S T S
[INFO] -------------------------------------------------------
[INFO] Running com.orlandoprestige.orlandoproject.OrlandoProjectApplicationTests
14:17:44.409 [main] INFO org.springframework.test.context.support.AnnotationConfigContextLoaderUtils -- Could not detect default configuration classes for test class [com.orlandoprestige.orlandoproject.OrlandoProjectApplicationTests]: OrlandoProjectApplicationTests does not declare any static, non-private, non-final, nested classes annotated with @Configuration.
14:17:44.690 [main] INFO org.springframework.boot.test.context.SpringBootTestContextBootstrapper -- Found @SpringBootConfiguration com.orlandoprestige.orlandoproject.OrlandoProjectApplication for test class com.orlandoprestige.orlandoproject.OrlandoProjectApplicationTests
14:17:44.986 [main] INFO org.springframework.boot.devtools.restart.RestartApplicationListener -- Restart disabled due to context in which it is running

  .   ____          _            __ _ _
 /\\ / ___'_ __ _ _(_)_ __  __ _ \ \ \ \
( ( )\___ | '_ | '_| | '_ \/ _` | \ \ \ \
 \\/  ___)| |_)| | | | | || (_| |  ) ) ) )
  '  |____| .__|_| |_|_| |_\__, | / / / /
 =========|_|==============|___/=/_/_/_/

 :: Spring Boot ::                (v4.0.3)

2026-03-13T14:17:45.573+08:00  INFO 19580 --- [OrlandoProject] [           main] c.o.o.OrlandoProjectApplicationTests     : Starting OrlandoProjectApplicationTests v0.0.0-SNAPSHOT using Java 21.0.10 with PID 19580 (started by ADMIN in C:\Users\ADMIN\Documents\Orlando App\orlando-project)
2026-03-13T14:17:45.573+08:00  INFO 19580 --- [OrlandoProject] [           main] c.o.o.OrlandoProjectApplicationTests     : No active profile set, falling back to 1 default profile: "default"
2026-03-13T14:17:52.749+08:00  INFO 19580 --- [OrlandoProject] [           main] .s.d.r.c.RepositoryConfigurationDelegate : Bootstrapping Spring Data JPA repositories in DEFAULT mode.
2026-03-13T14:17:53.213+08:00  INFO 19580 --- [OrlandoProject] [           main] .s.d.r.c.RepositoryConfigurationDelegate : Finished Spring Data repository scanning in 428 ms. Found 17 JPA repository interfaces.
2026-03-13T14:17:55.271+08:00  INFO 19580 --- [OrlandoProject] [           main] org.hibernate.orm.jpa                    : HHH008540: Processing PersistenceUnitInfo [name: default]
2026-03-13T14:17:55.461+08:00  INFO 19580 --- [OrlandoProject] [           main] org.hibernate.orm.core                   : HHH000001: Hibernate ORM core version 7.2.4.Final
2026-03-13T14:17:56.507+08:00  INFO 19580 --- [OrlandoProject] [           main] o.s.o.j.p.SpringPersistenceUnitInfo      : No LoadTimeWeaver setup: ignoring JPA class transformer
2026-03-13T14:17:56.563+08:00  INFO 19580 --- [OrlandoProject] [           main] com.zaxxer.hikari.HikariDataSource       : HikariPool-1 - Starting...
2026-03-13T14:17:56.851+08:00  INFO 19580 --- [OrlandoProject] [           main] com.zaxxer.hikari.pool.HikariPool        : HikariPool-1 - Added connection org.postgresql.jdbc.PgConnection@51097500
2026-03-13T14:17:56.852+08:00  INFO 19580 --- [OrlandoProject] [           main] com.zaxxer.hikari.HikariDataSource       : HikariPool-1 - Start completed.
2026-03-13T14:17:56.895+08:00  WARN 19580 --- [OrlandoProject] [           main] org.hibernate.orm.deprecation            : HHH90000025: PostgreSQLDialect does not need to be specified explicitly using 'hibernate.dialect' (remove the property setting and it will be selected by default)
2026-03-13T14:17:56.934+08:00  INFO 19580 --- [OrlandoProject] [           main] org.hibernate.orm.connections.pooling    : HHH10001005: Database info:
	Database JDBC URL [jdbc:postgresql://localhost:5441/orlandodb]
	Database driver: PostgreSQL JDBC Driver
	Database dialect: PostgreSQLDialect
	Database version: 16.13
	Default catalog/schema: orlandodb/public
	Autocommit mode: undefined/unknown
	Isolation level: READ_COMMITTED [default READ_COMMITTED]
	JDBC fetch size: none
	Pool: DataSourceConnectionProvider
	Minimum pool size: undefined/unknown
	Maximum pool size: undefined/unknown
2026-03-13T14:17:59.655+08:00  INFO 19580 --- [OrlandoProject] [           main] org.hibernate.orm.core                   : HHH000489: No JTA platform available (set 'hibernate.transaction.jta.platform' to enable JTA platform integration)
2026-03-13T14:17:59.860+08:00  INFO 19580 --- [OrlandoProject] [           main] j.LocalContainerEntityManagerFactoryBean : Initialized JPA EntityManagerFactory for persistence unit 'default'
2026-03-13T14:18:00.050+08:00  INFO 19580 --- [OrlandoProject] [           main] o.s.d.j.r.query.QueryEnhancerFactories   : Hibernate is in classpath; If applicable, HQL parser will be used.
2026-03-13T14:18:04.477+08:00  WARN 19580 --- [OrlandoProject] [           main] JpaBaseConfiguration$JpaWebConfiguration : spring.jpa.open-in-view is enabled by default. Therefore, database queries may be performed during view rendering. Explicitly configure spring.jpa.open-in-view to disable this warning
2026-03-13T14:18:08.487+08:00  INFO 19580 --- [OrlandoProject] [           main] o.s.b.a.e.web.EndpointLinksResolver      : Exposing 2 endpoints beneath base path '/actuator'
Hibernate: 
    select
        djep1_0.id,
        djep1_0.completion_attempts,
        djep1_0.completion_date,
        djep1_0.event_type,
        djep1_0.last_resubmission_date,
        djep1_0.listener_id,
        djep1_0.publication_date,
        djep1_0.serialized_event,
        djep1_0.status 
    from
        event_publication djep1_0 
    where
        djep1_0.completion_date is null 
    order by
        djep1_0.publication_date
2026-03-13T14:18:08.730+08:00  INFO 19580 --- [OrlandoProject] [           main] o.s.s.config.TaskSchedulerRouter         : No TaskScheduler/ScheduledExecutorService bean found for scheduled processing
2026-03-13T14:18:08.737+08:00  INFO 19580 --- [OrlandoProject] [           main] c.o.o.OrlandoProjectApplicationTests     : Started OrlandoProjectApplicationTests in 23.78 seconds (process running for 26.154)
Hibernate: 
    select
        s1_0.id 
    from
        staff s1_0 
    where
        (
            s1_0.deleted = false
        ) 
        and s1_0.email=? 
    fetch
        first ? rows only
Hibernate: 
    select
        s1_0.id,
        s1_0.deleted,
        s1_0.email,
        s1_0.first_name,
        s1_0.last_name,
        s1_0.password_hash,
        s1_0.super_admin 
    from
        staff s1_0 
    where
        (
            s1_0.deleted = false
        ) 
        and s1_0.email=?
Hibernate: 
    select
        p1_0.staff_id,
        p1_0.permission 
    from
        staff_permissions p1_0 
    where
        p1_0.staff_id=?
2026-03-13T14:18:09.046+08:00  INFO 19580 --- [OrlandoProject] [           main] c.o.o.auth.internal.service.DataSeeder   : Admin user already exists, skipping seed.
Hibernate: 
    select
        count(*) 
    from
        inventory_items ii1_0 
    where
        (
            ii1_0.deleted = false
        )
2026-03-13T14:18:09.076+08:00  INFO 19580 --- [OrlandoProject] [           main] c.o.o.i.i.service.InventorySeeder        : Inventory items already exist ù skipping seed.
Hibernate: 
    select
        ii1_0.id,
        ii1_0.current_stock,
        ii1_0.deleted,
        ii1_0.last_updated,
        ii1_0.product_id,
        ii1_0.product_name,
        ii1_0.reorder_level,
        ii1_0.sku 
    from
        inventory_items ii1_0 
    where
        (
            ii1_0.deleted = false
        )
Hibernate: 
    select
        ws1_0.id,
        ws1_0.last_updated,
        ws1_0.product_id,
        ws1_0.product_name,
        ws1_0.quantity,
        ws1_0.sku,
        ws1_0.warehouse_code 
    from
        warehouse_stock ws1_0 
    where
        ws1_0.product_id=?
Hibernate: 
    select
        ws1_0.id,
        ws1_0.last_updated,
        ws1_0.product_id,
        ws1_0.product_name,
        ws1_0.quantity,
        ws1_0.sku,
        ws1_0.warehouse_code 
    from
        warehouse_stock ws1_0 
    where
        ws1_0.product_id=?
Hibernate: 
    select
        ws1_0.id,
        ws1_0.last_updated,
        ws1_0.product_id,
        ws1_0.product_name,
        ws1_0.quantity,
        ws1_0.sku,
        ws1_0.warehouse_code 
    from
        warehouse_stock ws1_0 
    where
        ws1_0.product_id=?
Hibernate: 
    select
        ws1_0.id,
        ws1_0.last_updated,
        ws1_0.product_id,
        ws1_0.product_name,
        ws1_0.quantity,
        ws1_0.sku,
        ws1_0.warehouse_code 
    from
        warehouse_stock ws1_0 
    where
        ws1_0.product_id=?
Hibernate: 
    select
        ws1_0.id,
        ws1_0.last_updated,
        ws1_0.product_id,
        ws1_0.product_name,
        ws1_0.quantity,
        ws1_0.sku,
        ws1_0.warehouse_code 
    from
        warehouse_stock ws1_0 
    where
        ws1_0.product_id=?
Hibernate: 
    select
        ws1_0.id,
        ws1_0.last_updated,
        ws1_0.product_id,
        ws1_0.product_name,
        ws1_0.quantity,
        ws1_0.sku,
        ws1_0.warehouse_code 
    from
        warehouse_stock ws1_0 
    where
        ws1_0.product_id=?
Hibernate: 
    select
        ws1_0.id,
        ws1_0.last_updated,
        ws1_0.product_id,
        ws1_0.product_name,
        ws1_0.quantity,
        ws1_0.sku,
        ws1_0.warehouse_code 
    from
        warehouse_stock ws1_0 
    where
        ws1_0.product_id=?
Hibernate: 
    select
        ws1_0.id,
        ws1_0.last_updated,
        ws1_0.product_id,
        ws1_0.product_name,
        ws1_0.quantity,
        ws1_0.sku,
        ws1_0.warehouse_code 
    from
        warehouse_stock ws1_0 
    where
        ws1_0.product_id=?
Hibernate: 
    select
        ws1_0.id,
        ws1_0.last_updated,
        ws1_0.product_id,
        ws1_0.product_name,
        ws1_0.quantity,
        ws1_0.sku,
        ws1_0.warehouse_code 
    from
        warehouse_stock ws1_0 
    where
        ws1_0.product_id=?
Hibernate: 
    select
        ws1_0.id,
        ws1_0.last_updated,
        ws1_0.product_id,
        ws1_0.product_name,
        ws1_0.quantity,
        ws1_0.sku,
        ws1_0.warehouse_code 
    from
        warehouse_stock ws1_0 
    where
        ws1_0.product_id=?
Hibernate: 
    select
        ws1_0.id,
        ws1_0.last_updated,
        ws1_0.product_id,
        ws1_0.product_name,
        ws1_0.quantity,
        ws1_0.sku,
        ws1_0.warehouse_code 
    from
        warehouse_stock ws1_0 
    where
        ws1_0.product_id=?
Hibernate: 
    select
        ws1_0.id,
        ws1_0.last_updated,
        ws1_0.product_id,
        ws1_0.product_name,
        ws1_0.quantity,
        ws1_0.sku,
        ws1_0.warehouse_code 
    from
        warehouse_stock ws1_0 
    where
        ws1_0.product_id=?
Hibernate: 
    select
        ws1_0.id,
        ws1_0.last_updated,
        ws1_0.product_id,
        ws1_0.product_name,
        ws1_0.quantity,
        ws1_0.sku,
        ws1_0.warehouse_code 
    from
        warehouse_stock ws1_0 
    where
        ws1_0.product_id=?
Hibernate: 
    select
        ws1_0.id,
        ws1_0.last_updated,
        ws1_0.product_id,
        ws1_0.product_name,
        ws1_0.quantity,
        ws1_0.sku,
        ws1_0.warehouse_code 
    from
        warehouse_stock ws1_0 
    where
        ws1_0.product_id=?
Hibernate: 
    select
        ws1_0.id,
        ws1_0.last_updated,
        ws1_0.product_id,
        ws1_0.product_name,
        ws1_0.quantity,
        ws1_0.sku,
        ws1_0.warehouse_code 
    from
        warehouse_stock ws1_0 
    where
        ws1_0.product_id=?
Hibernate: 
    select
        ws1_0.id,
        ws1_0.last_updated,
        ws1_0.product_id,
        ws1_0.product_name,
        ws1_0.quantity,
        ws1_0.sku,
        ws1_0.warehouse_code 
    from
        warehouse_stock ws1_0 
    where
        ws1_0.product_id=?
Hibernate: 
    select
        ws1_0.id,
        ws1_0.last_updated,
        ws1_0.product_id,
        ws1_0.product_name,
        ws1_0.quantity,
        ws1_0.sku,
        ws1_0.warehouse_code 
    from
        warehouse_stock ws1_0 
    where
        ws1_0.product_id=?
Hibernate: 
    select
        ws1_0.id,
        ws1_0.last_updated,
        ws1_0.product_id,
        ws1_0.product_name,
        ws1_0.quantity,
        ws1_0.sku,
        ws1_0.warehouse_code 
    from
        warehouse_stock ws1_0 
    where
        ws1_0.product_id=?
Hibernate: 
    select
        ws1_0.id,
        ws1_0.last_updated,
        ws1_0.product_id,
        ws1_0.product_name,
        ws1_0.quantity,
        ws1_0.sku,
        ws1_0.warehouse_code 
    from
        warehouse_stock ws1_0 
    where
        ws1_0.product_id=?
Hibernate: 
    select
        ws1_0.id,
        ws1_0.last_updated,
        ws1_0.product_id,
        ws1_0.product_name,
        ws1_0.quantity,
        ws1_0.sku,
        ws1_0.warehouse_code 
    from
        warehouse_stock ws1_0 
    where
        ws1_0.product_id=?
Hibernate: 
    select
        ws1_0.id,
        ws1_0.last_updated,
        ws1_0.product_id,
        ws1_0.product_name,
        ws1_0.quantity,
        ws1_0.sku,
        ws1_0.warehouse_code 
    from
        warehouse_stock ws1_0 
    where
        ws1_0.product_id=?
Hibernate: 
    select
        ws1_0.id,
        ws1_0.last_updated,
        ws1_0.product_id,
        ws1_0.product_name,
        ws1_0.quantity,
        ws1_0.sku,
        ws1_0.warehouse_code 
    from
        warehouse_stock ws1_0 
    where
        ws1_0.product_id=?
Hibernate: 
    select
        ws1_0.id,
        ws1_0.last_updated,
        ws1_0.product_id,
        ws1_0.product_name,
        ws1_0.quantity,
        ws1_0.sku,
        ws1_0.warehouse_code 
    from
        warehouse_stock ws1_0 
    where
        ws1_0.product_id=?
Hibernate: 
    select
        ws1_0.id,
        ws1_0.last_updated,
        ws1_0.product_id,
        ws1_0.product_name,
        ws1_0.quantity,
        ws1_0.sku,
        ws1_0.warehouse_code 
    from
        warehouse_stock ws1_0 
    where
        ws1_0.product_id=?
Hibernate: 
    select
        ws1_0.id,
        ws1_0.last_updated,
        ws1_0.product_id,
        ws1_0.product_name,
        ws1_0.quantity,
        ws1_0.sku,
        ws1_0.warehouse_code 
    from
        warehouse_stock ws1_0 
    where
        ws1_0.product_id=?
Hibernate: 
    select
        ws1_0.id,
        ws1_0.last_updated,
        ws1_0.product_id,
        ws1_0.product_name,
        ws1_0.quantity,
        ws1_0.sku,
        ws1_0.warehouse_code 
    from
        warehouse_stock ws1_0 
    where
        ws1_0.product_id=?
Hibernate: 
    select
        ws1_0.id,
        ws1_0.last_updated,
        ws1_0.product_id,
        ws1_0.product_name,
        ws1_0.quantity,
        ws1_0.sku,
        ws1_0.warehouse_code 
    from
        warehouse_stock ws1_0 
    where
        ws1_0.product_id=?
Hibernate: 
    select
        ws1_0.id,
        ws1_0.last_updated,
        ws1_0.product_id,
        ws1_0.product_name,
        ws1_0.quantity,
        ws1_0.sku,
        ws1_0.warehouse_code 
    from
        warehouse_stock ws1_0 
    where
        ws1_0.product_id=?
Hibernate: 
    select
        ws1_0.id,
        ws1_0.last_updated,
        ws1_0.product_id,
        ws1_0.product_name,
        ws1_0.quantity,
        ws1_0.sku,
        ws1_0.warehouse_code 
    from
        warehouse_stock ws1_0 
    where
        ws1_0.product_id=?
Hibernate: 
    select
        ws1_0.id,
        ws1_0.last_updated,
        ws1_0.product_id,
        ws1_0.product_name,
        ws1_0.quantity,
        ws1_0.sku,
        ws1_0.warehouse_code 
    from
        warehouse_stock ws1_0 
    where
        ws1_0.product_id=?
Hibernate: 
    select
        ws1_0.id,
        ws1_0.last_updated,
        ws1_0.product_id,
        ws1_0.product_name,
        ws1_0.quantity,
        ws1_0.sku,
        ws1_0.warehouse_code 
    from
        warehouse_stock ws1_0 
    where
        ws1_0.product_id=?
Hibernate: 
    select
        ws1_0.id,
        ws1_0.last_updated,
        ws1_0.product_id,
        ws1_0.product_name,
        ws1_0.quantity,
        ws1_0.sku,
        ws1_0.warehouse_code 
    from
        warehouse_stock ws1_0 
    where
        ws1_0.product_id=?
Hibernate: 
    select
        ws1_0.id,
        ws1_0.last_updated,
        ws1_0.product_id,
        ws1_0.product_name,
        ws1_0.quantity,
        ws1_0.sku,
        ws1_0.warehouse_code 
    from
        warehouse_stock ws1_0 
    where
        ws1_0.product_id=?
Hibernate: 
    select
        ws1_0.id,
        ws1_0.last_updated,
        ws1_0.product_id,
        ws1_0.product_name,
        ws1_0.quantity,
        ws1_0.sku,
        ws1_0.warehouse_code 
    from
        warehouse_stock ws1_0 
    where
        ws1_0.product_id=?
Hibernate: 
    select
        ws1_0.id,
        ws1_0.last_updated,
        ws1_0.product_id,
        ws1_0.product_name,
        ws1_0.quantity,
        ws1_0.sku,
        ws1_0.warehouse_code 
    from
        warehouse_stock ws1_0 
    where
        ws1_0.product_id=?
Hibernate: 
    select
        ws1_0.id,
        ws1_0.last_updated,
        ws1_0.product_id,
        ws1_0.product_name,
        ws1_0.quantity,
        ws1_0.sku,
        ws1_0.warehouse_code 
    from
        warehouse_stock ws1_0 
    where
        ws1_0.product_id=?
Hibernate: 
    select
        ws1_0.id,
        ws1_0.last_updated,
        ws1_0.product_id,
        ws1_0.product_name,
        ws1_0.quantity,
        ws1_0.sku,
        ws1_0.warehouse_code 
    from
        warehouse_stock ws1_0 
    where
        ws1_0.product_id=?
Hibernate: 
    select
        ws1_0.id,
        ws1_0.last_updated,
        ws1_0.product_id,
        ws1_0.product_name,
        ws1_0.quantity,
        ws1_0.sku,
        ws1_0.warehouse_code 
    from
        warehouse_stock ws1_0 
    where
        ws1_0.product_id=?
Hibernate: 
    select
        ws1_0.id,
        ws1_0.last_updated,
        ws1_0.product_id,
        ws1_0.product_name,
        ws1_0.quantity,
        ws1_0.sku,
        ws1_0.warehouse_code 
    from
        warehouse_stock ws1_0 
    where
        ws1_0.product_id=?
Hibernate: 
    select
        ws1_0.id,
        ws1_0.last_updated,
        ws1_0.product_id,
        ws1_0.product_name,
        ws1_0.quantity,
        ws1_0.sku,
        ws1_0.warehouse_code 
    from
        warehouse_stock ws1_0 
    where
        ws1_0.product_id=?
Hibernate: 
    select
        ws1_0.id,
        ws1_0.last_updated,
        ws1_0.product_id,
        ws1_0.product_name,
        ws1_0.quantity,
        ws1_0.sku,
        ws1_0.warehouse_code 
    from
        warehouse_stock ws1_0 
    where
        ws1_0.product_id=?
Hibernate: 
    select
        ws1_0.id,
        ws1_0.last_updated,
        ws1_0.product_id,
        ws1_0.product_name,
        ws1_0.quantity,
        ws1_0.sku,
        ws1_0.warehouse_code 
    from
        warehouse_stock ws1_0 
    where
        ws1_0.product_id=?
Hibernate: 
    select
        ws1_0.id,
        ws1_0.last_updated,
        ws1_0.product_id,
        ws1_0.product_name,
        ws1_0.quantity,
        ws1_0.sku,
        ws1_0.warehouse_code 
    from
        warehouse_stock ws1_0 
    where
        ws1_0.product_id=?
.\mvnw.cmd : Mockito is currently self-attaching to enable the 
inline-mock-maker. This will no longer work in future releases of the JDK. 
Please add Mockito as an agent to your build as described in Mockito's 
documentation: https://javadoc.io/doc/org.mockito/mockito-core/latest/org.mocki
to/org/mockito/Mockito.html#0.3
At line:1 char:60
+ ... o-project"; .\mvnw.cmd clean install -DtrimStackTrace=false 2>&1 | Te ...
+                 ~~~~~~~~~~~~~~~~~~~~~~~~~~~~~~~~~~~~~~~~~~~~~~~~~~~~
    + CategoryInfo          : NotSpecified: (Mockito is curr...ockito.html#0.3 
   :String) [], RemoteException
    + FullyQualifiedErrorId : NativeCommandError
 
WARNING: A Java agent has been loaded dynamically (C:\Users\ADMIN\.m2\repositor
y\net\bytebuddy\byte-buddy-agent\1.17.8\byte-buddy-agent-1.17.8.jar)
WARNING: If a serviceability tool is in use, please run with 
-XX:+EnableDynamicAgentLoading to hide this warning
WARNING: If a serviceability tool is not in use, please run with 
-Djdk.instrument.traceUsage for more information
WARNING: Dynamic loading of agents will be disallowed by default in a future 
release
Java HotSpot(TM) 64-Bit Server VM warning: Sharing is only supported for boot 
loader classes because bootstrap classpath has been appended
[INFO] Tests run: 1, Failures: 0, Errors: 0, Skipped: 0, Time elapsed: 25.90 s -- in com.orlandoprestige.orlandoproject.OrlandoProjectApplicationTests
[INFO] 
[INFO] Results:
[INFO] 
[INFO] Tests run: 1, Failures: 0, Errors: 0, Skipped: 0
[INFO] 
[INFO] 
[INFO] --- jar:3.4.2:jar (default-jar) @ OrlandoProject ---
[INFO] Building jar: C:\Users\ADMIN\Documents\Orlando App\orlando-project\target\OrlandoProject-0.0.1-SNAPSHOT.jar
[INFO] 
[INFO] --- spring-boot:4.0.3:repackage (repackage) @ OrlandoProject ---
[INFO] Replacing main artifact C:\Users\ADMIN\Documents\Orlando App\orlando-project\target\OrlandoProject-0.0.1-SNAPSHOT.jar with repackaged archive, adding nested dependencies in BOOT-INF/.
[INFO] The original artifact has been renamed to C:\Users\ADMIN\Documents\Orlando App\orlando-project\target\OrlandoProject-0.0.1-SNAPSHOT.jar.original
[INFO] 
[INFO] --- install:3.1.4:install (default-install) @ OrlandoProject ---
[INFO] Installing C:\Users\ADMIN\Documents\Orlando App\orlando-project\pom.xml to C:\Users\ADMIN\.m2\repository\com\orlandoprestige\OrlandoProject\0.0.1-SNAPSHOT\OrlandoProject-0.0.1-SNAPSHOT.pom
[INFO] Installing C:\Users\ADMIN\Documents\Orlando App\orlando-project\target\OrlandoProject-0.0.1-SNAPSHOT.jar to C:\Users\ADMIN\.m2\repository\com\orlandoprestige\OrlandoProject\0.0.1-SNAPSHOT\OrlandoProject-0.0.1-SNAPSHOT.jar
[INFO] ------------------------------------------------------------------------
[INFO] BUILD SUCCESS
[INFO] ------------------------------------------------------------------------
[INFO] Total time:  53.586 s
[INFO] Finished at: 2026-03-13T14:18:13+08:00
[INFO] ------------------------------------------------------------------------
